// Jest Snapshot v1, https://goo.gl/fbAQLP

exports[`test Impressum component render correctly Impressum component 1`] = `
<div
  className="sc-bdfBwQ gjhaZX"
>
  <div
    className="sc-gsTCUz kpynnF"
  >
    Impressum
  </div>
  <p>
    The graphics for the tree trunks were created by macrovecto and downloaded from freepiks.com.
     
    <a
      href="https://de.freepik.com/vektoren-kostenlos/holzwerkstoff-und-fertigprodukte-mit-baumstamm-aeste-planken-kuechenutensilien-transparent-gesetzt_6804311.htm#page=1&query=Baumstamm&position=8"
    >
      Link to the source
    </a>
  </p>
  <a
    className="sc-dlfnbm caqsDQ"
    href="/"
    onClick={[Function]}
  >
    Back
  </a>
</div>
`;
